
 Name  Monthly Qty  Unit  Monthly Cost 
                                       
 OVERALL TOTAL                   $0.00 
──────────────────────────────────
1 cloud resource was detected:
∙ 1 was estimated

┏━━━━━━━━━━━━━━━━━━━━━━━━━━━━━━━━━━━━━━━━━━━━━━━━━━━━┳━━━━━━━━━━━━━━┓
┃ Project                                            ┃ Monthly cost ┃
┣━━━━━━━━━━━━━━━━━━━━━━━━━━━━━━━━━━━━━━━━━━━━━━━━━━━━╋━━━━━━━━━━━━━━┫
┃ TestCloudRunV2Service                              ┃ $0.00        ┃
┗━━━━━━━━━━━━━━━━━━━━━━━━━━━━━━━━━━━━━━━━━━━━━━━━━━━━┻━━━━━━━━━━━━━━┛