
 Name                                          Monthly Qty  Unit          Monthly Cost 
                                                                                       
 google_cloud_run_service.throttling_disabled                                          
 ├─ CPU Allocation Time (Always-on)              1,314,000  vCPU-seconds        $28.38 
 └─ Memory Allocation Time (Always-on)             657,000  GiB-seconds          $1.58 
                                                                                       
 google_cloud_run_service.throttling_enabled                                           
 ├─ CPU Allocation Time (tier 2)                 1,800,000  vCPU-seconds        $60.48 
 ├─ Memory Allocation Time (tier 2)                900,000  GiB-seconds          $3.15 
 └─ Number of requests                             500,000  request              $0.20 
                                                                                       
 OVERALL TOTAL                                                                  $93.79 
──────────────────────────────────
2 cloud resources were detected:
∙ 2 were estimated

┏━━━━━━━━━━━━━━━━━━━━━━━━━━━━━━━━━━━━━━━━━━━━━━━━━━━━┳━━━━━━━━━━━━━━┓
┃ Project                                            ┃ Monthly cost ┃
┣━━━━━━━━━━━━━━━━━━━━━━━━━━━━━━━━━━━━━━━━━━━━━━━━━━━━╋━━━━━━━━━━━━━━┫
┃ TestCloudRunService                                ┃ $94          ┃
┗━━━━━━━━━━━━━━━━━━━━━━━━━━━━━━━━━━━━━━━━━━━━━━━━━━━━┻━━━━━━━━━━━━━━┛